// Jest Snapshot v1, https://goo.gl/fbAQLP

exports[`Snapshots EventHandler should render its child 1`] = `
<div>
  this should be seen
</div>
`;
